// Jest Snapshot v1, https://goo.gl/fbAQLP

exports[`collects coverage only from specified files 1`] = `
"----------|----------|----------|----------|----------|----------------|
File      |  % Stmts | % Branch |  % Funcs |  % Lines |Uncovered Lines |
----------|----------|----------|----------|----------|----------------|
All files |      100 |      100 |      100 |      100 |                |
 setup.js |      100 |      100 |      100 |      100 |                |
----------|----------|----------|----------|----------|----------------|
"
`;

exports[`collects coverage only from specified files avoiding dependencies 1`] = `
"----------|----------|----------|----------|----------|----------------|
File      |  % Stmts | % Branch |  % Funcs |  % Lines |Uncovered Lines |
----------|----------|----------|----------|----------|----------------|
All files |      100 |      100 |      100 |      100 |                |
 sum.js   |      100 |      100 |      100 |      100 |                |
----------|----------|----------|----------|----------|----------------|
"
`;

exports[`json reporter printing with --coverage 1`] = `
"Test Suites: 1 failed, 1 total
Tests:       1 failed, 1 passed, 2 total
Snapshots:   0 total
Time:        <<REPLACED>>
Ran all test suites.
"
`;

exports[`outputs coverage report 1`] = `
"-------------------------------|----------|----------|----------|----------|----------------|
File                           |  % Stmts | % Branch |  % Funcs |  % Lines |Uncovered Lines |
-------------------------------|----------|----------|----------|----------|----------------|
All files                      |    45.45 |        0 |       50 |    45.45 |                |
 not-required-in-test-suite.js |        0 |        0 |        0 |        0 | 10,17,21,22,24 |
 other-file.js                 |      100 |      100 |      100 |      100 |                |
 sum.js                        |      100 |      100 |      100 |      100 |                |
 sum_dependency.js             |        0 |      100 |      100 |        0 |             10 |
-------------------------------|----------|----------|----------|----------|----------------|
"
`;
